       Fresh unicode-ident v1.0.12
       Fresh once_cell v1.19.0
       Fresh autocfg v1.3.0
       Fresh cfg-if v1.0.0
       Fresh log v0.4.21
       Fresh smallvec v1.13.2
       Fresh proc-macro2 v1.0.106
       Fresh cfg_aliases v0.1.1
       Fresh arrayvec v0.7.4
       Fresh core-foundation-sys v0.8.6
       Fresh bitflags v1.3.2
       Fresh quote v1.0.36
       Fresh libc v0.2.186
       Fresh serde_core v1.0.228
       Fresh scopeguard v1.2.0
       Fresh termcolor v1.4.1
       Fresh syn v2.0.117
       Fresh jobserver v0.1.31
       Fresh bitflags v2.11.1
       Fresh lock_api v0.4.12
       Fresh libm v0.2.8
       Fresh core-foundation v0.9.4
       Fresh serde_derive v1.0.228
       Fresh cc v1.0.97
       Fresh bytemuck_derive v1.6.0
       Fresh parking_lot_core v0.9.10
       Fresh synstructure v0.13.2
       Fresh num-traits v0.2.19
       Fresh anyhow v1.0.83
       Fresh unicode-width v0.1.12
       Fresh serde v1.0.228
       Fresh bytemuck v1.15.0
       Fresh parking_lot v0.12.2
       Fresh codespan-reporting v0.11.1
       Fresh crossbeam-utils v0.8.19
       Fresh foreign-types-macros v0.2.3
       Fresh foreign-types-shared v0.3.1
       Fresh zerofrom-derive v0.1.6
       Fresh foreign-types v0.5.0
       Fresh paste v1.0.15
       Fresh core-graphics-types v0.1.3
       Fresh version_check v0.9.4
       Fresh zerofrom v0.1.8
       Fresh yoke-derive v0.8.1
       Fresh malloc_buf v0.0.6
       Fresh stable_deref_trait v1.2.1
       Fresh raw-window-handle v0.6.1
       Fresh objc_exception v0.1.2
       Fresh yoke v0.8.1
       Fresh crossbeam-epoch v0.9.18
       Fresh zerovec-derive v0.11.2
       Fresh unicode-xid v0.2.4
       Fresh block v0.1.6
       Fresh byteorder v1.5.0
       Fresh objc v0.2.7
       Fresh crossbeam-deque v0.8.5
       Fresh zerovec v0.11.5
       Fresh thiserror-impl v1.0.69
       Fresh displaydoc v0.2.5
       Fresh equivalent v1.0.1
       Fresh hashbrown v0.14.5
       Fresh rayon-core v1.12.1
       Fresh objc-sys v0.3.5
       Fresh objc2-encode v4.1.0
       Fresh rustc-hash v1.1.0
       Fresh cfg_aliases v0.2.1
       Fresh simd-adler32 v0.3.7
       Fresh either v1.11.0
       Fresh indexmap v2.2.6
       Fresh thiserror v1.0.69
       Fresh objc2 v0.5.2
       Fresh rayon v1.10.0
       Fresh hexf-parse v0.2.1
       Fresh dispatch v0.2.0
       Fresh enumn v0.1.13
       Fresh adler2 v2.0.1
       Fresh tinystr v0.8.2
       Fresh block2 v0.5.1
       Fresh crc32fast v1.4.0
       Fresh accesskit v0.16.3
       Fresh miniz_oxide v0.8.9
       Fresh bincode v1.3.3
       Fresh litemap v0.8.2
       Fresh memchr v2.7.2
       Fresh base64 v0.21.7
       Fresh ttf-parser v0.21.0
       Fresh objc2-foundation v0.2.2
       Fresh writeable v0.6.3
       Fresh lz4_flex v0.11.3
       Fresh profiling v1.0.15
       Fresh owned_ttf_parser v0.21.0
       Fresh flate2 v1.1.9
       Fresh syn v1.0.109
       Fresh zerotrie v0.2.3
       Fresh potential_utf v0.1.4
       Fresh icu_locale_core v2.1.1
       Fresh puffin v0.19.0
       Fresh objc2-app-kit v0.2.2
       Fresh emath v0.29.1
       Fresh zerocopy v0.7.34
       Fresh ab_glyph_rasterizer v0.1.8
       Fresh build-utils v0.1.0 (/Users/mtejeshx37/DPM - Simulator - Linux/build-utils)
       Fresh ecolor v0.29.1
       Fresh icu_provider v2.1.1
       Fresh ahash v0.8.11
       Fresh ab_glyph v0.2.26
       Fresh icu_collections v2.1.1
       Fresh safe_arch v0.7.1
       Fresh getrandom v0.2.15
       Fresh libloading v0.8.3
       Fresh cxxbridge-flags v1.0.122
       Fresh nohash-hasher v0.2.0
       Fresh float-cmp v0.9.0
       Fresh epaint_default_fonts v0.29.1
       Fresh rand_core v0.6.4
       Fresh strict-num v0.1.1
       Fresh epaint v0.29.1
       Fresh icu_normalizer_data v2.1.1
       Fresh wide v0.7.17
       Fresh scratch v1.0.7
       Fresh icu_properties_data v2.1.2
       Fresh aho-corasick v1.1.3
       Fresh ron v0.8.1
       Fresh fdeflate v0.3.4
       Fresh num-complex v0.4.6
       Fresh num-integer v0.1.46
       Fresh approx v0.5.1
       Fresh bit-vec v0.7.0
       Fresh pin-project-lite v0.2.14
       Fresh arrayref v0.3.7
       Fresh rawpointer v0.2.1
       Fresh regex-syntax v0.8.3
       Fresh tracing-core v0.1.32
       Fresh bit-vec v0.6.3
       Fresh icu_properties v2.1.2
       Fresh egui v0.29.1
       Fresh num-rational v0.4.2
       Fresh simba v0.8.1
       Fresh matrixmultiply v0.3.8
       Fresh regex-automata v0.4.6
       Fresh tiny-skia-path v0.11.4
       Fresh bit-set v0.5.3
       Fresh tracing v0.1.40
       Fresh bit-set v0.6.0
       Fresh icu_normalizer v2.1.1
       Fresh typenum v1.17.0
       Fresh cxx-build v1.0.122
       Fresh boost-sys v0.1.0 (/Users/mtejeshx37/DPM - Simulator - Linux/boost-sys)
       Fresh nalgebra-macros v0.2.1
       Fresh core-graphics v0.23.2
       Fresh kurbo v0.9.5
       Fresh ppv-lite86 v0.2.17
       Fresh smol_str v0.2.1
       Fresh dpi v0.1.2
       Fresh static_assertions v1.1.0
       Fresh siphasher v0.3.11
       Fresh cursor-icon v1.2.0
       Fresh rand_chacha v0.3.1
       Fresh nalgebra v0.32.5
       Fresh svgtypes v0.13.0
       Fresh winit v0.30.13
       Fresh idna_adapter v1.2.1
       Fresh naga v22.1.0
       Fresh regex v1.10.4
       Fresh naga v0.19.2
       Fresh link-cplusplus v1.0.9
       Fresh metal v0.27.0
       Fresh metal v0.29.0
       Fresh wgpu-types v22.0.0
       Fresh wgpu-types v0.19.2
       Fresh cxxbridge-macro v1.0.122
       Fresh immutable-chunkmap v2.1.2
       Fresh rctree v0.5.0
       Fresh litrs v1.0.0
       Fresh heck v0.4.1
       Fresh utf8_iter v1.0.4
       Fresh adler v1.0.2
       Fresh percent-encoding v2.3.1
       Fresh cxx v1.0.122
       Fresh accesskit_consumer v0.24.3
       Fresh document-features v0.2.12
       Fresh idna v1.1.0
       Fresh wgpu-hal v0.19.4
       Fresh form_urlencoded v1.2.1
       Fresh miniz_oxide v0.7.2
       Fresh usvg-tree v0.37.0
       Fresh wgpu-hal v22.0.0
       Fresh unicase v2.7.0
       Dirty cgal-sys v0.18.0 (/Users/mtejeshx37/DPM - Simulator - Linux/cgal-sys): the file `cgal-sys/cpp` has changed (1778663816.216711899s, 34m 52s after last build at 1778661724.386447867s)
   Compiling cgal-sys v0.18.0 (/Users/mtejeshx37/DPM - Simulator - Linux/cgal-sys)
       Fresh rand v0.8.5
       Fresh derive-getters v0.3.0
     Running `/Users/mtejeshx37/DPM - Simulator - Linux/target/debug/build/cgal-sys-44284ac2f9961d1b/build-script-build`
       Fresh simplecss v0.2.1
       Fresh imagesize v0.12.0
       Fresh roxmltree v0.19.0
       Fresh data-url v0.3.1
       Fresh wgpu-core v22.1.0
       Fresh usvg-parser v0.37.0
       Fresh png v0.17.13
       Fresh url v2.5.4
       Fresh rustversion v1.0.16
       Fresh accesskit_macos v0.17.4
       Fresh wgpu-core v0.19.4
       Fresh enum-map-derive v0.17.0
       Fresh typed-builder-macro v0.18.2
       Fresh cgl v0.3.2
       Fresh core-foundation v0.10.1
       Fresh web-time v1.1.0
       Fresh futures-core v0.3.30
       Fresh xmlwriter v0.1.0
       Fresh pxfm v0.1.29
       Fresh pico-args v0.5.0
       Fresh pollster v0.3.0
       Fresh futures-intrusive v0.5.0
       Fresh glutin v0.32.1
       Fresh webbrowser v1.2.1
       Fresh enum-map v2.7.3
       Fresh wgpu v0.19.4
       Fresh usvg v0.37.0
       Fresh moxcms v0.8.1
       Fresh typed-builder v0.18.2
       Fresh memoffset v0.9.1
       Fresh accesskit_winit v0.22.0
       Fresh tiny-skia v0.11.4
       Fresh wgpu v22.1.0
       Fresh strum_macros v0.26.2
       Fresh png v0.18.1
       Fresh arboard v3.4.0
       Fresh type-map v0.5.0
       Fresh objc_id v0.1.1
       Fresh fxhash v0.2.1
       Fresh rgb v0.8.37
       Fresh is-terminal v0.4.12
       Fresh mime v0.3.17
       Fresh humantime v2.1.0
       Fresh konst_macro_rules v0.2.19
       Fresh option-ext v0.2.0
       Fresh byteorder-lite v0.1.0
       Fresh glow v0.14.2
       Fresh egui-winit v0.29.1
       Fresh resvg v0.37.0
       Fresh mime_guess2 v2.0.5
       Fresh egui-wgpu v0.29.1
       Fresh image v0.25.10
       Fresh egui_glow v0.29.1
       Fresh dirs-sys v0.4.1
       Fresh konst v0.2.19
       Fresh objc-foundation v0.1.1
       Fresh env_logger v0.10.2
       Fresh strum v0.26.2
       Fresh function v0.2.0 (/Users/mtejeshx37/DPM - Simulator - Linux/function)
       Fresh cpd-wgpu v0.1.0 (/Users/mtejeshx37/DPM - Simulator - Linux/cpd-wgpu)
       Fresh glutin-winit v0.5.0
       Fresh rand_distr v0.4.3
       Fresh sealed v0.5.0
       Fresh rand_pcg v0.3.1
       Fresh csv-core v0.1.11
       Fresh const_format_proc_macros v0.2.32
       Fresh crossbeam-channel v0.5.12
       Fresh half v2.4.1
       Fresh ryu v1.0.18
       Fresh itoa v1.0.11
       Fresh home v0.5.9
       Fresh const_format v0.2.32
       Fresh pot v3.0.0
       Fresh puffin_http v0.16.0
       Fresh nalgebra-ext v0.1.0 (/Users/mtejeshx37/DPM - Simulator - Linux/nalgebra-ext)
       Fresh rfd v0.14.1
       Fresh csv v1.3.0
       Fresh eframe v0.29.1
       Fresh directories v5.0.1
       Fresh pretty_env_logger v0.5.0
       Fresh egui_extras v0.29.1
       Fresh uuid v1.8.0
       Fresh egui_plot v0.29.0
       Fresh envy v0.4.2
       Fresh pathdiff v0.2.1
       Fresh lazy_static v1.4.0
warning: cgal-sys@0.18.0: In file included from /Users/mtejeshx37/DPM - Simulator - Linux/target/debug/build/cgal-sys-c0affcf040fcd798/out/cxxbridge/sources/cgal-sys/src/lib.rs.cc:10:
warning: cgal-sys@0.18.0: /Users/mtejeshx37/DPM - Simulator - Linux/target/debug/build/cgal-sys-c0affcf040fcd798/out/cxxbridge/crate/cgal-sys/cpp/polyhedron_set.h:20:8: error: redefinition of 'Mesh3D'
warning: cgal-sys@0.18.0:    20 | struct Mesh3D {
warning: cgal-sys@0.18.0:       |        ^
warning: cgal-sys@0.18.0: /Users/mtejeshx37/DPM - Simulator - Linux/target/debug/build/cgal-sys-c0affcf040fcd798/out/cxxbridge/include/cgal-sys/src/lib.rs.h:699:8: note: previous definition is here
warning: cgal-sys@0.18.0:   699 | struct Mesh3D final {
warning: cgal-sys@0.18.0:       |        ^
warning: cgal-sys@0.18.0: In file included from cpp/polyhedron_set.cpp:1:
warning: cgal-sys@0.18.0: cpp/polyhedron_set.h:20:8: error: redefinition of 'Mesh3D'
warning: cgal-sys@0.18.0:    20 | struct Mesh3D {
warning: cgal-sys@0.18.0:       |        ^
warning: cgal-sys@0.18.0: /Users/mtejeshx37/DPM - Simulator - Linux/target/debug/build/cgal-sys-c0affcf040fcd798/out/cxxbridge/include/cgal-sys/src/lib.rs.h:699:8: note: previous definition is here
warning: cgal-sys@0.18.0:   699 | struct Mesh3D final {
warning: cgal-sys@0.18.0:       |        ^
warning: cgal-sys@0.18.0: cpp/polyhedron_set.cpp:106:22: error: out-of-line definition of 'get_mesh' does not match any declaration in 'PolyhedronSet3'
warning: cgal-sys@0.18.0:   106 | void PolyhedronSet3::get_mesh(
warning: cgal-sys@0.18.0:       |                      ^~~~~~~~
warning: cgal-sys@0.18.0: cpp/polyhedron_set.h:25:7: note: PolyhedronSet3 defined here
warning: cgal-sys@0.18.0:    25 | class PolyhedronSet3 {
warning: cgal-sys@0.18.0:       |       ^~~~~~~~~~~~~~
warning: cgal-sys@0.18.0: cpp/polyhedron_set.cpp:118:14: error: too many arguments to function call, expected 0, have 2
warning: cgal-sys@0.18.0:   118 |     get_mesh(*verts, dummy_tris);
warning: cgal-sys@0.18.0:       |     ~~~~~~~~ ^~~~~~~~~~~~~~~~~~
warning: cgal-sys@0.18.0: cpp/polyhedron_set.cpp:69:24: note: 'get_mesh' declared here
warning: cgal-sys@0.18.0:    69 | Mesh3D PolyhedronSet3::get_mesh() const {
warning: cgal-sys@0.18.0:       |                        ^
warning: cgal-sys@0.18.0: cpp/polyhedron_set.cpp:125:14: error: too many arguments to function call, expected 0, have 2
warning: cgal-sys@0.18.0:   125 |     get_mesh(dummy_verts, *tris);
warning: cgal-sys@0.18.0:       |     ~~~~~~~~ ^~~~~~~~~~~~~~~~~~
warning: cgal-sys@0.18.0: cpp/polyhedron_set.cpp:69:24: note: 'get_mesh' declared here
warning: cgal-sys@0.18.0:    69 | Mesh3D PolyhedronSet3::get_mesh() const {
warning: cgal-sys@0.18.0:       |                        ^
warning: cgal-sys@0.18.0: 1 error generated.
warning: cgal-sys@0.18.0: ToolExecError: Command env -u IPHONEOS_DEPLOYMENT_TARGET "c++" "-O0" "-ffunction-sections" "-fdata-sections" "-fPIC" "-gdwarf-2" "-fno-omit-frame-pointer" "--target=arm64-apple-darwin" "-mmacosx-version-min=26.4.1" "-std=c++17" "-I" "/Users/mtejeshx37/DPM - Simulator - Linux/target/debug/build/cgal-sys-c0affcf040fcd798/out/cxxbridge/include" "-I" "/Users/mtejeshx37/DPM - Simulator - Linux/target/debug/build/cgal-sys-c0affcf040fcd798/out/cxxbridge/crate" "-I" "/Users/mtejeshx37/DPM - Simulator - Linux/cgal-sys/include" "-I" "/opt/homebrew/include" "-I" "/opt/homebrew/include" "-Wall" "-Wextra" "-std=gnu++17" "-w" "-o" "/Users/mtejeshx37/DPM - Simulator - Linux/target/debug/build/cgal-sys-c0affcf040fcd798/out/04c7641dd3fa4101-lib.rs.o" "-c" "/Users/mtejeshx37/DPM - Simulator - Linux/target/debug/build/cgal-sys-c0affcf040fcd798/out/cxxbridge/sources/cgal-sys/src/lib.rs.cc" with args c++ did not execute successfully (status code exit status: 1).cargo:warning=4 errors generated.
warning: cgal-sys@0.18.0: ToolExecError: Command env -u IPHONEOS_DEPLOYMENT_TARGET "c++" "-O0" "-ffunction-sections" "-fdata-sections" "-fPIC" "-gdwarf-2" "-fno-omit-frame-pointer" "--target=arm64-apple-darwin" "-mmacosx-version-min=26.4.1" "-std=c++17" "-I" "/Users/mtejeshx37/DPM - Simulator - Linux/target/debug/build/cgal-sys-c0affcf040fcd798/out/cxxbridge/include" "-I" "/Users/mtejeshx37/DPM - Simulator - Linux/target/debug/build/cgal-sys-c0affcf040fcd798/out/cxxbridge/crate" "-I" "/Users/mtejeshx37/DPM - Simulator - Linux/cgal-sys/include" "-I" "/opt/homebrew/include" "-I" "/opt/homebrew/include" "-Wall" "-Wextra" "-std=gnu++17" "-w" "-o" "/Users/mtejeshx37/DPM - Simulator - Linux/target/debug/build/cgal-sys-c0affcf040fcd798/out/97cc2182c72ccc3b-polyhedron_set.o" "-c" "cpp/polyhedron_set.cpp" with args c++ did not execute successfully (status code exit status: 1).
error: failed to run custom build command for `cgal-sys v0.18.0 (/Users/mtejeshx37/DPM - Simulator - Linux/cgal-sys)`

Caused by:
  process didn't exit successfully: `/Users/mtejeshx37/DPM - Simulator - Linux/target/debug/build/cgal-sys-44284ac2f9961d1b/build-script-build` (exit status: 1)
  --- stdout
  cargo:CXXBRIDGE_PREFIX=cgal-sys
  cargo:CXXBRIDGE_DIR0=/Users/mtejeshx37/DPM - Simulator - Linux/target/debug/build/cgal-sys-c0affcf040fcd798/out/cxxbridge/include
  cargo:CXXBRIDGE_DIR1=/Users/mtejeshx37/DPM - Simulator - Linux/target/debug/build/cgal-sys-c0affcf040fcd798/out/cxxbridge/crate
  TARGET = Some("aarch64-apple-darwin")
  OPT_LEVEL = Some("0")
  HOST = Some("aarch64-apple-darwin")
  cargo:rerun-if-env-changed=CXX_aarch64-apple-darwin
  CXX_aarch64-apple-darwin = None
  cargo:rerun-if-env-changed=CXX_aarch64_apple_darwin
  CXX_aarch64_apple_darwin = None
  cargo:rerun-if-env-changed=HOST_CXX
  HOST_CXX = None
  cargo:rerun-if-env-changed=CXX
  CXX = None
  cargo:rerun-if-env-changed=CC_ENABLE_DEBUG_OUTPUT
  cargo:rerun-if-env-changed=CRATE_CC_NO_DEFAULTS
  CRATE_CC_NO_DEFAULTS = None
  DEBUG = Some("true")
  cargo:rerun-if-env-changed=CXXFLAGS_aarch64-apple-darwin
  CXXFLAGS_aarch64-apple-darwin = None
  cargo:rerun-if-env-changed=CXXFLAGS_aarch64_apple_darwin
  CXXFLAGS_aarch64_apple_darwin = None
  cargo:rerun-if-env-changed=HOST_CXXFLAGS
  HOST_CXXFLAGS = None
  cargo:rerun-if-env-changed=CXXFLAGS
  CXXFLAGS = None
  cargo:warning=In file included from /Users/mtejeshx37/DPM - Simulator - Linux/target/debug/build/cgal-sys-c0affcf040fcd798/out/cxxbridge/sources/cgal-sys/src/lib.rs.cc:10:
  cargo:warning=/Users/mtejeshx37/DPM - Simulator - Linux/target/debug/build/cgal-sys-c0affcf040fcd798/out/cxxbridge/crate/cgal-sys/cpp/polyhedron_set.h:20:8: error: redefinition of 'Mesh3D'
  cargo:warning=   20 | struct Mesh3D {
  cargo:warning=      |        ^
  cargo:warning=/Users/mtejeshx37/DPM - Simulator - Linux/target/debug/build/cgal-sys-c0affcf040fcd798/out/cxxbridge/include/cgal-sys/src/lib.rs.h:699:8: note: previous definition is here
  cargo:warning=  699 | struct Mesh3D final {
  cargo:warning=      |        ^
  cargo:warning=In file included from cpp/polyhedron_set.cpp:1:
  cargo:warning=cpp/polyhedron_set.h:20:8: error: redefinition of 'Mesh3D'
  cargo:warning=   20 | struct Mesh3D {
  cargo:warning=      |        ^
  cargo:warning=/Users/mtejeshx37/DPM - Simulator - Linux/target/debug/build/cgal-sys-c0affcf040fcd798/out/cxxbridge/include/cgal-sys/src/lib.rs.h:699:8: note: previous definition is here
  cargo:warning=  699 | struct Mesh3D final {
  cargo:warning=      |        ^
  cargo:warning=cpp/polyhedron_set.cpp:106:22: error: out-of-line definition of 'get_mesh' does not match any declaration in 'PolyhedronSet3'
  cargo:warning=  106 | void PolyhedronSet3::get_mesh(
  cargo:warning=      |                      ^~~~~~~~
  cargo:warning=cpp/polyhedron_set.h:25:7: note: PolyhedronSet3 defined here
  cargo:warning=   25 | class PolyhedronSet3 {
  cargo:warning=      |       ^~~~~~~~~~~~~~
  cargo:warning=cpp/polyhedron_set.cpp:118:14: error: too many arguments to function call, expected 0, have 2
  cargo:warning=  118 |     get_mesh(*verts, dummy_tris);
  cargo:warning=      |     ~~~~~~~~ ^~~~~~~~~~~~~~~~~~
  cargo:warning=cpp/polyhedron_set.cpp:69:24: note: 'get_mesh' declared here
  cargo:warning=   69 | Mesh3D PolyhedronSet3::get_mesh() const {
  cargo:warning=      |                        ^
  cargo:warning=cpp/polyhedron_set.cpp:125:14: error: too many arguments to function call, expected 0, have 2
  cargo:warning=  125 |     get_mesh(dummy_verts, *tris);
  cargo:warning=      |     ~~~~~~~~ ^~~~~~~~~~~~~~~~~~
  cargo:warning=cpp/polyhedron_set.cpp:69:24: note: 'get_mesh' declared here
  cargo:warning=   69 | Mesh3D PolyhedronSet3::get_mesh() const {
  cargo:warning=      |                        ^
  cargo:warning=1 error generated.
  exit status: 0
  exit status: 0
  exit status: 0
  exit status: 0
  exit status: 0
  exit status: 0
  exit status: 0
  exit status: 0
  exit status: 1
  cargo:warning=ToolExecError: Command env -u IPHONEOS_DEPLOYMENT_TARGET "c++" "-O0" "-ffunction-sections" "-fdata-sections" "-fPIC" "-gdwarf-2" "-fno-omit-frame-pointer" "--target=arm64-apple-darwin" "-mmacosx-version-min=26.4.1" "-std=c++17" "-I" "/Users/mtejeshx37/DPM - Simulator - Linux/target/debug/build/cgal-sys-c0affcf040fcd798/out/cxxbridge/include" "-I" "/Users/mtejeshx37/DPM - Simulator - Linux/target/debug/build/cgal-sys-c0affcf040fcd798/out/cxxbridge/crate" "-I" "/Users/mtejeshx37/DPM - Simulator - Linux/cgal-sys/include" "-I" "/opt/homebrew/include" "-I" "/opt/homebrew/include" "-Wall" "-Wextra" "-std=gnu++17" "-w" "-o" "/Users/mtejeshx37/DPM - Simulator - Linux/target/debug/build/cgal-sys-c0affcf040fcd798/out/04c7641dd3fa4101-lib.rs.o" "-c" "/Users/mtejeshx37/DPM - Simulator - Linux/target/debug/build/cgal-sys-c0affcf040fcd798/out/cxxbridge/sources/cgal-sys/src/lib.rs.cc" with args c++ did not execute successfully (status code exit status: 1).cargo:warning=4 errors generated.

  exit status: 1
  cargo:warning=ToolExecError: Command env -u IPHONEOS_DEPLOYMENT_TARGET "c++" "-O0" "-ffunction-sections" "-fdata-sections" "-fPIC" "-gdwarf-2" "-fno-omit-frame-pointer" "--target=arm64-apple-darwin" "-mmacosx-version-min=26.4.1" "-std=c++17" "-I" "/Users/mtejeshx37/DPM - Simulator - Linux/target/debug/build/cgal-sys-c0affcf040fcd798/out/cxxbridge/include" "-I" "/Users/mtejeshx37/DPM - Simulator - Linux/target/debug/build/cgal-sys-c0affcf040fcd798/out/cxxbridge/crate" "-I" "/Users/mtejeshx37/DPM - Simulator - Linux/cgal-sys/include" "-I" "/opt/homebrew/include" "-I" "/opt/homebrew/include" "-Wall" "-Wextra" "-std=gnu++17" "-w" "-o" "/Users/mtejeshx37/DPM - Simulator - Linux/target/debug/build/cgal-sys-c0affcf040fcd798/out/97cc2182c72ccc3b-polyhedron_set.o" "-c" "cpp/polyhedron_set.cpp" with args c++ did not execute successfully (status code exit status: 1).

  --- stderr

  CXX include path:
    /Users/mtejeshx37/DPM - Simulator - Linux/target/debug/build/cgal-sys-c0affcf040fcd798/out/cxxbridge/include
    /Users/mtejeshx37/DPM - Simulator - Linux/target/debug/build/cgal-sys-c0affcf040fcd798/out/cxxbridge/crate
  Error: CGAL wrapper compilation failed

  Caused by:
      ToolExecError: Command env -u IPHONEOS_DEPLOYMENT_TARGET "c++" "-O0" "-ffunction-sections" "-fdata-sections" "-fPIC" "-gdwarf-2" "-fno-omit-frame-pointer" "--target=arm64-apple-darwin" "-mmacosx-version-min=26.4.1" "-std=c++17" "-I" "/Users/mtejeshx37/DPM - Simulator - Linux/target/debug/build/cgal-sys-c0affcf040fcd798/out/cxxbridge/include" "-I" "/Users/mtejeshx37/DPM - Simulator - Linux/target/debug/build/cgal-sys-c0affcf040fcd798/out/cxxbridge/crate" "-I" "/Users/mtejeshx37/DPM - Simulator - Linux/cgal-sys/include" "-I" "/opt/homebrew/include" "-I" "/opt/homebrew/include" "-Wall" "-Wextra" "-std=gnu++17" "-w" "-o" "/Users/mtejeshx37/DPM - Simulator - Linux/target/debug/build/cgal-sys-c0affcf040fcd798/out/97cc2182c72ccc3b-polyhedron_set.o" "-c" "cpp/polyhedron_set.cpp" with args c++ did not execute successfully (status code exit status: 1).
